         w __deregister_frame_info
         w __register_frame_info
         w userAppExit
         w userAppInit
00000000 b _TLS_MODULE_BASE_
00000000 00000802 B __ctru_dev_utf16_buf
00000000 A __sync_synchronize
00000000 a shift
00000000 a shift
00000804 00000401 B __ctru_dev_path_buf
00100000 A __start__
00100000 T _start
00100008 T __service_ptr
0010000c T __apt_appid
00100010 T __heap_size
00100014 T __linear_heap_size
00100018 T __system_arglist
0010001c T __system_runflags
00100020 t startup
00100058 t ClearMem
0010006c t ClrLoop
00100094 T _init
001000ac t .udivsi3_skip_div0_test
001000ac T __aeabi_uidiv
001000ac 000001ec T __udivsi3
00100298 00000020 T __aeabi_uidivmod
001002b8 T __aeabi_idiv
001002b8 00000220 T __divsi3
001002c0 t .divsi3_skip_div0_test
001004d8 00000020 T __aeabi_idivmod
001004f8 00000004 W __aeabi_idiv0
001004f8 00000004 W __aeabi_ldiv0
001004fc T __aeabi_ldivmod
001005d0 T __aeabi_uldivmod
00100628 00000390 T strcmp
001009b0 t __do_global_dtors_aux
00100a00 t frame_dummy
00100a2c 00000040 T printCenteredText
00100a6c 00000084 T printMenuScreen
00100af0 00000084 T printMemeGenHelpScreen
00100b74 00000064 T printMemeGenScreenMessage
00100bd8 00000060 T printMemeGenScreen
00100c38 000000ac T loadImage
00100ce4 00000090 T playAudio
00100d74 00000770 T main
001014e4 00000024 t addrMapNodeComparator(rbtree_node const*, rbtree_node const*)
00101508 00000004 t addrMapNodeDestructor(rbtree_node*)
0010150c 0000012c T linearMemAlign
00101638 00000008 T linearAlloc
00101640 0000005c T linearFree
0010169c 00000088 T MemPool::CoalesceRight(MemBlock*)
00101724 00000178 T MemPool::Allocate(MemChunk&, unsigned long, int)
0010189c 00000118 T MemPool::Deallocate(MemChunk const&)
001019b4 00000030 T MemPool::GetFreeSpace()
001019e4 000001c8 T consoleDrawChar
00101bac 00000170 T consolePrintChar
00101d1c 00000cc8 T con_write
001029e4 000000fc t newRow
00102ae0 00000180 T consoleInit
00102c60 000000b8 T consoleClear
00102d18 000000cc t gfxPresentFramebuffer
00102de4 0000001c T gfxIsWide
00102e00 000000f8 T gfxSetScreenFormat
00102ef8 00000010 T gfxSetDoubleBuffering
00102f08 000000d8 T gfxInit
00102fe0 00000010 T gfxInitDefault
00102ff0 000000b8 T gfxExit
001030a8 000000a0 T gfxGetFramebuffer
00103148 00000100 T gfxFlushBuffers
00103248 00000050 T gfxSwapBuffers
00103298 00000050 T gfxSwapBuffersGpu
001032e8 00000008 t romfs_close
001032f0 000000ac t romfs_seek
0010339c 00000024 t romfs_dirreset
001033c0 000000c0 t fill_dir
00103480 000002ac t romfs_dirnext
0010372c 00000074 t romfs_free
001037a0 000000d0 t searchForFile.constprop.0
00103870 000000d4 t searchForDir.constprop.0
00103944 000001c0 t navigateToDir.constprop.0
00103b04 00000114 t romfs_open
00103c18 0000004c t romfs_chdir
00103c64 00000068 t romfs_diropen
00103ccc 00000178 t romfs_stat
00103e44 00000008 t romfs_dirclose
00103e50 0000007c t romfs_fstat
00103ecc 000000d0 t romfs_read
00103f9c 00000294 T romfsMountFromFile
00104230 00000098 T romfsMountFromCurrentProcess
001042c8 00000258 T romfsMountSelf
00104520 000000a0 T romfsUnmount
001045c0 00000158 t ndspUpdateMaster
00104718 00000108 t ndspFinalize
00104820 0000025c t ndspInitialize.part.0
00104a7c 00000108 t ndspHookCallback
00104b88 00000318 t ndspThreadMain
00104ea0 000003f0 T ndspInit
00105290 000000d8 T ndspExit
00105368 00000034 T ndspSetOutputMode
0010539c 000000e0 T ndspChnReset
0010547c 00000018 T ndspChnSetFormat
00105494 00000050 T ndspChnSetInterp
001054e4 00000060 T ndspChnSetRate
00105544 00000080 T ndspChnSetMix
001055c4 000000b0 T ndspChnWaveBufClear
00105674 000000c8 T ndspChnWaveBufAdd
0010573c 00000040 T ndspiInitChn
0010577c 0000002c T ndspiDirtyChn
001057a8 0000043c T ndspiUpdateChn
00105be4 00000180 T ndspiReadChnState
00105d64 00000090 T acInit
00105df4 0000003c T acExit
00105e30 00000180 t aptConvertScreenForCapture
00105fb0 00000138 T aptSendCommand
001060e8 00000044 t aptExitProcess
0010612c 00000394 T aptExit
001064c0 000000d8 T aptHandleSleep
00106598 0000001c T aptSetMessageCallback
001065b4 00000084 T APT_SleepIfShellClosed
00106638 00000078 T aptSetSleepAllowed
001066b0 00000084 T APT_UnlockTransition
00106738 00000470 t aptEventHandler
00106ba8 000000bc T APT_ReceiveParameter
00106c64 000000b0 t aptReceiveParameter.constprop.0
00106d18 00000294 t aptScreenTransfer
00106fac 000002d0 t aptWaitForWakeUp.isra.0
0010727c 00000114 T aptLaunchLibraryApplet
00107390 000000f4 T aptJumpToHomeMenu
00107484 00000058 T aptMainLoop
001074dc 00000240 T aptInit
0010771c 0000005c T APT_SendParameter
00107778 00000090 T APT_CheckNew3DS
00107808 000000a8 T cfguInit
001078b0 0000003c T cfguExit
001078ec 0000004c T CFGU_GetConfigInfoBlk2
00107938 000000a4 t DSP_LoadComponent.part.0
001079dc 000000fc T dspInit
00107ad8 0000008c T dspExit
00107b64 00000024 T dspHook
00107b88 00000030 T dspUnhook
00107bb8 000000b4 T aptDspSleep
00107c6c 000000b4 T aptDspWakeup
00107d20 00000044 T aptDspCancel
00107d64 00000050 T DSP_FlushDataCache
00107db4 00000034 T DSP_SetSemaphore
00107de8 00000034 T DSP_SetSemaphoreMask
00107e1c 00000038 T DSP_GetSemaphoreHandle
00107e54 0000003c T DSP_LoadComponent
00107e90 00000044 T DSP_RegisterInterruptEvents
00107ed4 00000078 T DSP_ReadPipeIfPossible
00107f4c 0000004c T DSP_WriteProcessPipe
00107f98 00000044 T DSP_ConvertProcessAddressFromDspDram
00107fdc 00000044 T DSP_RecvData
00108020 00000050 T DSP_RecvDataIsReady
00108070 00000104 T fsInit
00108174 0000003c T fsExit
001081b0 00000068 T fsExemptFromSession
00108218 00000050 T fsUnexemptFromSession
00108268 000000cc T FSUSER_OpenFile
00108334 000000cc T FSUSER_OpenFileDirectly
00108400 000000b8 T FSUSER_DeleteFile
001084b8 000000f4 T FSUSER_RenameFile
001085ac 000000b8 T FSUSER_DeleteDirectory
00108664 000000d0 T FSUSER_CreateFile
00108734 000000c0 T FSUSER_CreateDirectory
001087f4 000000f4 T FSUSER_RenameDirectory
001088e8 000000b4 T FSUSER_OpenDirectory
0010899c 00000090 T FSUSER_OpenArchive
00108a2c 0000008c T FSUSER_CloseArchive
00108ab8 00000074 T FSUSER_GetSdmcArchiveResource
00108b2c 00000064 T FSUSER_IsSdmcWritable
00108b90 00000064 T FSFILE_Read
00108bf4 0000006c T FSFILE_Write
00108c60 00000044 T FSFILE_GetSize
00108ca4 00000028 T FSFILE_SetSize
00108ccc 0000003c T FSFILE_Close
00108d08 00000024 T FSFILE_Flush
00108d2c 00000060 T FSDIR_Read
00108d8c 0000003c T FSDIR_Close
00108dc8 00000c70 t gspHardwareInit
00109a38 00000288 T gspInit
00109cc0 00000104 T gspExit
00109dc4 00000010 T gspHasGpuRight
00109dd4 000000a4 T gspPresentBuffer
00109e78 00000050 T gspWaitForEvent
00109ec8 00000004 W gxCmdQueueInterrupt
00109ecc 00000154 t gspEventThreadMain
0010a020 00000050 T GSPGPU_FlushDataCache
0010a070 00000034 T GSPGPU_SetLcdForceBlack
0010a0a4 00000084 T GSPGPU_AcquireRight
0010a128 00000064 T GSPGPU_ReleaseRight
0010a18c 0000007c T GSPGPU_ImportDisplayCaptureInfo
0010a208 0000002c T GSPGPU_SaveVramSysArea
0010a234 0000002c T GSPGPU_RestoreVramSysArea
0010a260 00000024 W hidShouldUseIrrst
0010a284 000001cc T hidInit
0010a450 000000e8 T hidExit
0010a538 000002a0 T hidScanInput
0010a7d8 00000010 T hidKeysHeld
0010a7e8 00000010 T hidKeysDown
0010a7f8 000001a4 T irrstInit
0010a99c 000000dc T irrstExit
0010aa78 000000b4 T irrstScanInput
0010ab2c 00000024 T irrstKeysHeld
0010ab50 00000190 t swkbdMessageCallback
0010ace0 00000084 T swkbdInit
0010ad64 00000040 T swkbdSetFeatures
0010ada4 00000064 T swkbdSetHintText
0010ae08 00000088 T swkbdSetButton
0010ae90 000003a8 T swkbdInputText
0010b238 00000074 T rbtree_find
0010b2ac 00000010 T rbtree_init
0010b2bc 00000198 t do_insert
0010b454 00000008 T rbtree_insert
0010b45c 00000310 T rbtree_remove
0010b76c 00000090 T rbtree_rotate
0010b7fc 000000e8 T utf16_to_utf8
0010b8e4 000000c0 T utf8_to_utf16
0010b9a8 000001e8 W __system_allocateHeaps
0010bb90 00000038 W __libctru_init
0010bbc8 0000016c W __system_initArgv
0010bd34 00000030 T __syscall_getreent
0010bd64 00000064 T __syscall_gettod_r
0010bdc8 00000004 T __syscall_lock_acquire
0010bdcc 00000004 T __syscall_lock_release
0010bdd0 00000004 T __syscall_lock_acquire_recursive
0010bdd4 00000004 T __syscall_lock_release_recursive
0010bdd8 00000004 T __syscall_exit
0010bddc 00000054 T initThreadVars
0010be30 00000080 T __system_initSyscalls
0010beb0 T svcControlMemory
0010bed0 T svcQueryMemory
0010bf00 T svcExitProcess
0010bf08 T svcCreateThread
0010bf28 T svcExitThread
0010bf30 T svcSleepThread
0010bf38 T svcReleaseMutex
0010bf40 T svcCreateEvent
0010bf54 T svcSignalEvent
0010bf5c T svcClearEvent
0010bf64 T svcCreateMemoryBlock
0010bf7c T svcMapMemoryBlock
0010bf84 T svcUnmapMemoryBlock
0010bf8c T svcCreateAddressArbiter
0010bfa0 T svcArbitrateAddressNoTimeout
0010bfa8 T svcCloseHandle
0010bfb0 T svcWaitSynchronization
0010bfb8 T svcWaitSynchronizationN
0010bfe0 T svcDuplicateHandle
0010bff4 T svcGetSystemTick
0010bffc T svcConnectToPort
0010c010 T svcSendSyncRequest
0010c018 T svcGetResourceLimit
0010c02c T svcGetResourceLimitLimitValues
0010c034 T svcGetResourceLimitCurrentValues
0010c03c T svcBreak
0010c044 T __aeabi_read_tp
0010c050 W initSystem
0010c0a0 W __ctru_exit
0010c0b4 00000024 t addrMapNodeComparator(rbtree_node const*, rbtree_node const*)
0010c0d8 00000004 t addrMapNodeDestructor(rbtree_node*)
0010c0dc 00000248 T vramMemAlignAt
0010c324 0000000c T vramAlloc
0010c330 00000094 T vramFree
0010c3c4 0000008c W envGetHandle
0010c450 00000050 W envDestroyHandles
0010c4a0 00000074 T osConvertVirtToPhys
0010c514 00000054 T osGetTimeRef
0010c568 000000ec T osGetTime
0010c654 00000034 T __ctru_speedup_config
0010c688 00000164 T srvInit
0010c7ec 00000064 T srvExit
0010c850 00000060 T srvEnableNotification
0010c8b0 000000a0 T srvGetServiceHandleDirect
0010c950 00000048 T srvGetServiceHandle
0010c998 00000034 T srvSubscribe
0010c9cc 00000060 T srvReceiveNotification
0010ca2c 00000038 T srvPublishToSubscriber
0010ca64 0000000c T __sync_init
0010ca70 00000018 T __sync_fini
0010ca88 00000028 T syncArbitrateAddress
0010cab0 0000001c T LightLock_Init
0010cacc 000000ac T LightLock_Lock
0010cb78 00000040 T LightLock_Unlock
0010cbb8 00000054 T RecursiveLock_Lock
0010cc0c 00000054 T RecursiveLock_Unlock
0010cc60 00000044 T LightEvent_Init
0010cca4 000000b8 T LightEvent_Clear
0010cd5c 000000dc T LightEvent_Signal
0010ce38 00000050 T LightEvent_TryWait
0010ce88 000000ac T LightEvent_Wait
0010cf34 000001fc T threadCreate
0010d130 00000038 T threadFree
0010d168 00000024 T threadJoin
0010d18c 00000030 T threadGetCurrent
0010d1bc 00000040 T threadExit
0010d1fc 00000020 t _thread_begin
0010d21c 00000090 t mappableFindAddressWithin
0010d2ac 00000028 T mappableInit
0010d2d4 0000007c T mappableAlloc
0010d350 00000004 T mappableFree
0010d354 00000078 T ptmSysmInit
0010d3cc 0000003c T ptmSysmExit
0010d408 00000034 T PTMSYSM_ConfigureNew3DSCPU
0010d43c 0000000c T srvPmGetSessionHandle
0010d448 00000060 T rbtree_node_next
0010d4a8 00000054 T decode_utf16
0010d4fc 00000140 T decode_utf8
0010d63c 00000054 T encode_utf16
0010d690 000000e0 T encode_utf8
0010d770 00000030 W __appExit
0010d7a0 00000030 W __appInit
0010d7d0 00000090 W __libctru_exit
0010d860 00000024 t error_cmp
0010d884 00000050 t archive_translate_error
0010d8d4 000000c0 t archive_seek
0010d994 00000078 t _archiveInit.part.0
0010da0c 00000110 t archiveFindDevice.part.0
0010db1c 00000298 t archive_utf16path
0010ddb4 00000098 t _archiveUnmountDeviceStruct.part.0
0010de4c 00000178 t _archiveMountDevice
0010dfc4 000000f8 t archive_diropen
0010e0bc 000000ac t archive_fstat
0010e168 00000074 t archive_fsync
0010e1dc 00000074 t archive_close
0010e250 00000078 t archive_dirclose
0010e2c8 000000ec t sdmc_statvfs
0010e3b4 000000f8 t archive_chdir
0010e4ac 0000008c t archive_ftruncate
0010e538 000000bc t archive_read
0010e5f4 000000a8 t archive_unlink
0010e69c 000000c0 t archive_rmdir
0010e75c 000000d8 t archive_mkdir
0010e834 000001a0 t archive_stat
0010e9d4 00000164 t archive_dirnext
0010eb38 0000013c t archive_write
0010ec78 00000254 t archive_open
0010eecc 00000270 t archive_rename
0010f13c 000001c8 T archiveMountSdmc
0010f304 00000054 T archiveUnmountAll
0010f358 00000130 T __udivmoddi4
0010f488 000000e4 T strncat
0010f56c 00000034 T ftell
0010f5a0 00000128 T memcpy
0010f6c8 0000008c T strlen
0010f754 00000334 T _fread_r
0010fa88 00000038 T fread
0010fac0 00000078 T bsearch
0010fb38 00000134 T _fopen_r
0010fc6c 00000028 T fopen
0010fc94 00000028 T memalign
0010fcbc 000000a0 T snprintf
0010fd5c 00000034 T printf
0010fd90 000001ec t _strtoul_l.isra.0
0010ff7c 0000003c T strtoul
0010ffb8 00000140 T strchr
001100f8 000000d8 T memcmp
001101d0 0000016c T _memalign_r
0011033c 0000000c T __errno
00110348 00000164 T __smakebuf_r
001104ac 00000090 T __swhatbuf_r
0011053c 000000e4 T memset
00110620 0000022c T __sflush_r
0011084c 000000c4 T _fflush_r
00110910 000001c4 T _ftello_r
00110ad4 0000082c T _malloc_r
00111300 00000114 T _malloc_trim_r
00111414 00000314 T _free_r
00111728 00000294 T setvbuf
001119bc 0000001c t stdio_exit_handler
001119d8 0000005c t cleanup_stdio
00111a34 00000154 t global_stdio_init.part.0
00111b88 00000138 T __sfp
00111cc0 0000005c T __sinit
00111d1c 0000000c T __sfp_lock_acquire
00111d28 0000000c T __sfp_lock_release
00111d34 00000084 T __libc_init_array
00111db8 000000d4 T strncpy
00111e8c 0000001c T _fseek_r
00111ea8 00000034 T fseek
00111edc 00000040 T malloc
00111f1c 00000020 T free
00111f3c 000000e0 T _puts_r
0011201c 00000020 T puts
0011203c 00000044 T __sread
00112080 00000068 T __swrite
001120e8 00000040 T __sseek
00112128 00000008 T __sclose
00112130 0000000c T __malloc_lock
0011213c 0000000c T __malloc_unlock
00112148 00000588 T _fseeko_r
001126d0 00000148 T _fclose_r
00112818 00000020 T fclose
00112838 00000048 T time
00112880 00000004 W __call_exitprocs
00112884 00000030 T exit
001128b4 000005e0 t get_arg
00112e98 0000345c T _svfprintf_r
001162f4 000000b8 T __sflags
001163ac 0000003c T __libc_fini_array
001163e8 0000003c T strnlen
00116424 0000002c T rewind
00116450 000000d8 T strncmp
00116528 00000038 t lflush
00116560 000001a8 T __srefill_r
00116708 00000088 T frexp
00116790 00000070 T _fwalk_sglue
00116800 000005e0 t get_arg
00116de0 00003554 T _vfprintf_r
0011a334 000000b4 t __sbprintf
0011a3e8 000000a0 T _wcrtomb_r
0011a488 000000a4 T __ssprint_r
0011a52c 000004a4 T __sfvwrite_r
0011a9d0 00000024 T __locale_mb_cur_max
0011a9f4 00000030 T __sprint_r
0011aa24 000001c0 t quorem
0011abe8 00001420 T _dtoa_r
0011c008 000000e8 T memchr
0011c0f0 00000028 T _wcsrtombs_r
0011c118 00000140 T __swsetup_r
0011c258 00000024 T _localeconv_r
0011c27c 000001a8 T memmove
0011c424 000004f0 T _realloc_r
0011c914 0000012c T __ssputs_r
0011ca40 000000f8 T __utf8_wctomb
0011cb38 0000015c T _wcsnrtombs_l
0011cc94 00000064 T _wcsnrtombs_r
0011ccf8 0000005c T __assert_func
0011cd54 00000088 T _Balloc
0011cddc 0000001c T _Bfree
0011cdf8 000000f4 T __multadd
0011ceec 00000080 T __hi0bits
0011cf6c 000000f0 T __lo0bits
0011d05c 000000a4 T __i2b
0011d100 00000230 T __multiply
0011d330 00000130 T __pow5mult
0011d460 00000138 T __lshift
0011d598 00000058 T __mcmp
0011d5f0 00000218 T __mdiff
0011d808 00000120 T __d2b
0011d928 00000340 T __utf8_mbtowc
0011dc68 0000003c T fiprintf
0011dca4 00000014 T abort
0011dcb8 000000d8 T _calloc_r
0011dd90 000005e0 t get_arg
0011e370 000022f8 T _vfiprintf_r
00120668 000000b4 t __sbprintf
0012071c 0000009c T _raise_r
001207b8 00000020 T raise
001207d8 00000020 T _exit
001207f8 00000140 T chdir
00120938 000001c8 T _concatenate_path
00120b00 0000009c T _fstat_r
00120b9c 00000014 T _getpid_r
00120bb0 0000002c T __getreent
00120bdc 00000030 T _gettimeofday_r
00120c0c 000000a0 T __release_handle
00120cac 000000b0 T __alloc_handle
00120d5c 00000058 T __get_handle
00120db4 00000110 T _close_r
00120ec4 00000008 t null_write
00120ecc 00000018 T setDefaultDevice
00120ee4 00000098 T FindDevice
00120f7c 00000024 T RemoveDevice
00120fa0 00000088 T AddDevice
00121028 00000020 T GetDeviceOpTab
00121048 00000008 T _isatty_r
00121050 00000014 T _kill_r
00121064 00000094 T _lseek_r
001210f8 000000c0 T _open_r
001211b8 00000094 T _read_r
0012124c 00000078 W _sbrk_r
001212c4 0000001c T __libc_lock_acquire
001212e0 0000001c T __libc_lock_release
001212fc 0000001c T __libc_lock_acquire_recursive
00121318 0000001c T __libc_lock_release_recursive
00121334 00000094 T _write_r
001213c8 00000048 T strrchr
00121410 T _fini
001226b4 r .LC2
00122a38 00000080 r dotab_stdout
00122ab8 00000018 r grayScale
00122ad0 00000006 r colorCube
00122ad8 00000030 r colorTable
00122b08 00000080 r romFS_devoptab
00122b88 00000011 r dsp_filename.0
00122bb8 00000008 r morton_y.2
00122bc0 00000008 r morton_x.3
00122bc8 00000008 r s_sleepWakeEvents.4
00122bd0 0000000c r serviceNameTable.5
00122be0 00000014 r swkbdFeatures
00122bf4 R default_font_bin
001233f4 R default_font_bin_end
001233f4 00000030 r error_table
00123424 00000080 r archive_devoptab
001235cc 00000010 r zeroes.0
001235dc 00000010 r blanks.1
001235ec 00000101 R _ctype_
001237d8 00000010 r zeroes.0
001237e8 00000010 r blanks.1
001237f8 0000006c R __action_table
00123864 0000006c R __state_table
001238d0 00000100 R __chclass
001239d8 0000000c r p05.0
001239e8 00000028 R __mprec_bigtens
00123a10 000000c8 R __mprec_tens
00123bc4 00000010 r zeroes.0
00123bd4 00000010 r blanks.1
00123be4 00000080 R dotab_stdnull
00123c64 R __tdata_align
00123c68 r __EH_FRAME_BEGIN__
00123c68 R __exidx_end
00123c68 R __exidx_start
00124000 00000014 D memeNames
00124014 00000004 D idx
00124018 00000200 D meme_messages
00124218 00000001 d firstConsoleInit.0
0012421c 00000004 D currentConsole
00124220 00000048 D defaultConsole
00124268 00000004 d aptChainloadDeliverArgSize
0012426c 00000004 d kCount
00124270 00000004 d kInterval
00124274 00000004 d kDelay
00124278 W __stacksize__
0012427c 00000004 D _impure_ptr
00124280 00000200 D _impure_data
00124480 00000004 D __malloc_sbrk_base
00124484 00000004 D __malloc_trim_threshold
00124488 00000408 D __malloc_av_
00124890 0000000c D __sglue
0012489c 00000254 D __global_locale
00124af0 00000400 d _current_working_directory
00124ef0 00001000 d handles
00125ef0 0000000c d __stderr_handle
00125efc 0000000c d __stdout_handle
00125f08 0000000c d __stdin_handle
00125f14 0000008c D devoptab_list
00125fa0 00000004 d defaultDevice
00125fac d _GLOBAL_OFFSET_TABLE_
00125fb8 d __frame_dummy_init_array_entry
00125fb8 D __init_array_start
00125fb8 B __preinit_array_end
00125fb8 B __preinit_array_start
00125fb8 D __tdata_lma
00125fb8 D __tdata_lma_end
00125fbc d __do_global_dtors_aux_fini_array_entry
00125fbc D __fini_array_start
00125fbc D __init_array_end
00125fc0 D __bss_start__
00125fc0 D __fini_array_end
00125fc0 00000004 B selectedMemeIdx
00125fc4 00000018 b waveBuf
00125fdc 00000014 B audios
00125ff0 00000014 B audioSizes
00126004 00000080 b text.3
00126084 00000400 b swkbd.2
00126484 00000080 b kbd_text.1
00126504 00000400 b swkbd.0
00126904 b completed.1
00126908 b object.0
00126920 00000008 b sLinearPool
00126928 0000000c b sAddrMap
00126934 00000064 b escapeSeq
00126998 00000048 B currentCopy
001269e0 00000004 b screenAlloc
001269e4 00000004 b screenFree
001269e8 00000002 b gfxIsDoubleBuf
001269ec 00000002 b gfxCurBuf
001269ee 00000001 b gfxIsVram
001269ef 00000001 b gfxTopMode
001269f0 00000002 b gfxFramebufferFormats
001269f4 00000004 b gfxBottomFramebufferMaxSize
001269f8 00000004 b gfxTopFramebufferMaxSize
00126a00 00000008 b gfxBottomFramebuffers
00126a08 00000008 b gfxTopFramebuffers
00126a10 00000004 b romfs_mount_list
00126a14 00000004 V __romfs_path
00126a18 00000004 b ndspRefCount
00126a1c 00000048 b ndspMaster
00126a64 00000004 b ndspThread
00126a68 00000001 b ndspThreadRun
00126a6c 00001080 b dspVar5Backup
00127aec 00000004 b ndspMutex
00127af0 00000008 b sleepEvent
00127af8 00000004 b dspSem
00127afc 00000004 b irqEvent
00127b00 00000008 b ndspHookCookie
00127b08 00000001 b componentFree
00127b0a 00000002 b componentDataMask
00127b0c 00000002 b componentProgMask
00127b10 00000004 b componentSize
00127b14 00000004 b componentBin
00127b18 00000004 b frameCount
00127b1c 00000004 b droppedFrames
00127b20 00000001 b bCancelReceived
00127b21 00000001 b bSleeping
00127b22 00000001 b bEnteringSleep
00127b23 00000001 b bDspReady
00127b24 00000080 B ndspVars
00127ba4 00000002 B ndspBufferId
00127ba6 00000002 B ndspBufferCurId
00127ba8 00000002 B ndspFrameId
00127bb0 00000c60 b ndspChn
00128810 00000004 b acRefCount
00128814 00000004 b acHandle
00128818 00000001 b flagValue.0
00128819 00000001 b flagInit.1
0012881c 00000004 b serviceName.6
00128820 00000001 b aptChainloadFlags
00128821 00000001 b aptChainloadMediatype
00128824 00000020 b aptChainloadHmac
00128844 00000300 b aptChainloadDeliverArg
00128b48 00000008 b aptChainloadTid
00128b50 00001000 b aptParameters
00129b50 00000004 b aptFlags
00129b54 00000001 b aptHomeButtonState
00129b58 00000004 b aptMessageFuncData
00129b5c 00000004 b aptMessageFunc
00129b60 0000000c b aptFirstHook
00129b6c 00000001 b aptEventHandlerThreadQuit
00129b70 00000004 b aptEventHandlerThread
00129b74 00000008 b aptSleepEvent
00129b7c 00000008 b aptReceiveEvent
00129b84 00000008 b aptEvents
00129b8c 00000004 b aptLockHandle
00129b90 00000004 b aptRefCount
00129b94 00000004 b cfguRefCount
00129b98 00000004 b cfguHandle
00129b9c 00000002 b dspSavedCompDataMask
00129b9e 00000002 b dspSavedCompProgMask
00129ba0 00000004 b dspSavedCompSize
00129ba4 00000004 b dspSavedCompBin
00129ba8 00000001 b dspSleeping
00129ba9 00000001 b dspComponentLoaded
00129bac 00000008 b dspFirstHook
00129bb4 00000004 b dspRefCount
00129bb8 00000004 b dspHandle
00129bc0 00000080 b fsExemptArchives
00129c40 00000004 b fsuRefCount
00129c44 00000004 b fsuHandle
00129c48 00000007 b gspEventCbOneShot
00129c50 0000001c b gspEventCbData
00129c6c 0000001c b gspEventCb
00129c88 00000038 b gspEvents
00129cc0 00000004 b gspLastEvent
00129cc4 00000001 b gspRunEvents
00129cc8 00000004 b gspEventThread
00129ccc 00000004 b gspEvent
00129cd0 00000001 b gspGpuRight
00129cd1 00000001 b gspThreadId
00129cd4 00000004 b gspSharedMem
00129cd8 00000004 b gspSharedMemHandle
00129cdc 00000004 b gspRefCount
00129ce0 00000004 b gspGpuHandle
00129ce4 00000001 b usingIrrst
00129ce8 00000004 b hidRefCount
00129cec 00000006 b gRate
00129cf4 00000006 b aVec
00129cfc 00000004 b cPos
00129d00 00000004 b tPos
00129d04 00000004 b kRepeat
00129d08 00000004 b kUp
00129d0c 00000004 b kDown
00129d10 00000004 b kHeld
00129d14 00000004 b kOld
00129d18 00000004 B hidSharedMem
00129d1c 00000014 B hidEvents
00129d30 00000004 B hidMemHandle
00129d34 00000004 B hidHandle
00129d38 00000004 b irrstRefCount
00129d3c 00000004 b csPos
00129d40 00000004 b kHeld
00129d44 00000004 B irrstSharedMem
00129d48 00000004 B irrstEvent
00129d4c 00000004 B irrstMemHandle
00129d50 00000004 B irrstHandle
00129d54 00000004 b swkbdSharedMemHandle
00129d58 00000004 b swkbdSharedMem
00129d5c 00000004 V __ctru_linear_heap_size
00129d60 00000004 V __ctru_heap_size
00129d64 00000004 B __ctru_linear_heap
00129d68 00000004 B __ctru_heap
00129d6c 00000004 B __system_retAddr
00129d70 00000004 B __system_argv
00129d74 00000004 B __system_argc
00129d78 b saved_stack
00129d80 00000008 b sVramPoolB
00129d88 00000008 b sVramPoolA
00129d90 0000000c b sAddrMap
00129d9c 00000004 B __3dslink_host
00129da0 00000001 V __ctru_speedup
00129da4 00000004 b srvRefCount
00129da8 00000004 b srvHandle
00129dac 00000004 b arbiter
00129db0 00000004 b currentAddr
00129db4 00000004 b maxAddr
00129db8 00000004 b minAddr
00129dbc 00000004 b ptmSysmRefCount
00129dc0 00000004 b ptmSysmHandle
00129dc4 00000004 b srvPmHandle
00129dc8 000005c0 b archive_devices
0012a388 00000004 b archive_device_cwd
0012a38c 00000001 b archive_initialized
0012a390 00000028 B __malloc_current_mallinfo
0012a3b8 00000004 B __malloc_max_total_mem
0012a3bc 00000004 B __malloc_max_sbrked_mem
0012a3c0 00000004 B __malloc_top_pad
0012a3c4 0000000c b __sfp_recursive_mutex
0012a3d0 00000168 B __sf
0012a538 00000004 B __stdio_exit_handler
0012a53c 0000000c b __malloc_recursive_mutex
0012a548 00000400 b temp_cwd
0012a948 00000004 b __hndl_lock
0012a94c 00000004 B fake_heap_start
0012a950 00000004 B fake_heap_end
0012a954 00000004 b heap_start.0
0012a958 B __tls_start
0012b560 B __bss_end__
0012b560 A __end__
0012b560 B __tls_end
